2025-05-07 07:36:00 | INFO | repo=pv243-a4m36jee-2016-web-seminar-autumn | action=commit
2025-10-08 17:54:00 | INFO | repo=pv243-a4m36jee-2016-web-seminar-autumn | action=commit
2025-05-17 18:19:00 | INFO | repo=pv243-a4m36jee-2016-web-seminar-autumn | action=commit
2025-07-15 10:41:00 | WARN | repo=pv243-a4m36jee-2016-web-seminar-autumn | action=edit | files=4
2025-11-04 14:38:00 | WARN | repo=pv243-a4m36jee-2016-web-seminar-autumn | action=pull
2025-09-03 15:59:00 | DEBUG | repo=pv243-a4m36jee-2016-web-seminar-autumn | action=commit
2025-11-20 13:27:00 | INFO | repo=pv243-a4m36jee-2016-web-seminar-autumn | action=test | passed=true
2025-03-24 20:47:00 | WARN | repo=pv243-a4m36jee-2016-web-seminar-autumn | action=commit
2025-03-19 08:42:00 | WARN | repo=pv243-a4m36jee-2016-web-seminar-autumn | action=commit
2025-12-10 17:34:00 | DEBUG | repo=pv243-a4m36jee-2016-web-seminar-autumn | action=commit
2025-05-13 21:47:00 | DEBUG | repo=pv243-a4m36jee-2016-web-seminar-autumn | action=commit
2025-07-11 07:54:00 | WARN | repo=pv243-a4m36jee-2016-web-seminar-autumn | action=commit
2025-12-11 20:41:00 | INFO | repo=pv243-a4m36jee-2016-web-seminar-autumn | action=commit
2025-07-17 15:34:00 | WARN | repo=pv243-a4m36jee-2016-web-seminar-autumn | action=commit
2025-10-03 13:00:00 | INFO | repo=pv243-a4m36jee-2016-web-seminar-autumn | action=pull
2025-05-18 13:45:00 | WARN | repo=pv243-a4m36jee-2016-web-seminar-autumn | action=edit | files=2
2025-10-06 07:22:00 | INFO | repo=pv243-a4m36jee-2016-web-seminar-autumn | action=commit
2025-03-11 07:25:00 | INFO | repo=pv243-a4m36jee-2016-web-seminar-autumn | action=commit
2025-03-03 21:59:00 | WARN | repo=pv243-a4m36jee-2016-web-seminar-autumn | action=commit
2025-03-27 08:21:00 | INFO | repo=pv243-a4m36jee-2016-web-seminar-autumn | action=commit
2025-08-24 15:25:00 | WARN | repo=pv243-a4m36jee-2016-web-seminar-autumn | action=commit
2025-11-01 08:09:00 | INFO | repo=pv243-a4m36jee-2016-web-seminar-autumn | action=test | passed=true
2025-05-19 18:59:00 | WARN | repo=pv243-a4m36jee-2016-web-seminar-autumn | action=edit | files=5
2025-03-01 21:24:00 | DEBUG | repo=pv243-a4m36jee-2016-web-seminar-autumn | action=commit
2025-04-02 20:38:00 | DEBUG | repo=pv243-a4m36jee-2016-web-seminar-autumn | action=commit
2025-06-16 07:53:00 | INFO | repo=pv243-a4m36jee-2016-web-seminar-autumn | action=commit
2025-07-14 07:41:00 | DEBUG | repo=pv243-a4m36jee-2016-web-seminar-autumn | action=commit
2025-04-06 21:04:00 | INFO | repo=pv243-a4m36jee-2016-web-seminar-autumn | action=test | passed=true
2025-02-27 21:44:00 | DEBUG | repo=pv243-a4m36jee-2016-web-seminar-autumn | action=edit | files=5
2025-07-20 12:56:00 | INFO | repo=pv243-a4m36jee-2016-web-seminar-autumn | action=commit
2025-08-21 18:43:00 | DEBUG | repo=pv243-a4m36jee-2016-web-seminar-autumn | action=commit
2025-07-24 13:59:00 | INFO | repo=pv243-a4m36jee-2016-web-seminar-autumn | action=commit
2025-07-21 09:37:00 | WARN | repo=pv243-a4m36jee-2016-web-seminar-autumn | action=edit | files=2
2025-08-19 21:41:00 | WARN | repo=pv243-a4m36jee-2016-web-seminar-autumn | action=commit
2025-11-14 12:01:00 | WARN | repo=pv243-a4m36jee-2016-web-seminar-autumn | action=test | passed=true
2025-08-24 11:59:00 | INFO | repo=pv243-a4m36jee-2016-web-seminar-autumn | action=commit
2025-08-11 21:41:00 | INFO | repo=pv243-a4m36jee-2016-web-seminar-autumn | action=commit
2025-08-14 08:12:00 | WARN | repo=pv243-a4m36jee-2016-web-seminar-autumn | action=commit
2025-10-23 10:04:00 | DEBUG | repo=pv243-a4m36jee-2016-web-seminar-autumn | action=commit
2025-07-22 09:03:00 | DEBUG | repo=pv243-a4m36jee-2016-web-seminar-autumn | action=commit
2025-09-04 21:08:00 | DEBUG | repo=pv243-a4m36jee-2016-web-seminar-autumn | action=commit
